▲ Next.js 16.2.4 (Turbopack)
- Local:         http://localhost:3000
- Network:       http://192.168.31.185:3000
✓ Ready in 476ms

 GET / 200 in 961ms (next.js: 293ms, application-code: 668ms)
 GET / 200 in 200ms (next.js: 7ms, application-code: 193ms)
 GET / 200 in 218ms (next.js: 13ms, application-code: 206ms)
 GET /categories 200 in 341ms (next.js: 58ms, application-code: 282ms)
 GET /categories/modular-kitchen 200 in 2.2s (next.js: 1873ms, generate-params: 529ms, application-code: 293ms)
 GET /portfolio 200 in 635ms (next.js: 606ms, application-code: 29ms)
✓ Compiled in 174ms
 GET /portfolio 200 in 418ms (next.js: 98ms, application-code: 321ms)
 GET /portfolio 200 in 258ms (next.js: 11ms, application-code: 247ms)
 GET /portfolio 200 in 256ms (next.js: 113ms, application-code: 143ms)
 GET /portfolio 200 in 261ms (next.js: 8ms, application-code: 253ms)
 GET /portfolio 200 in 261ms (next.js: 45ms, application-code: 216ms)
 GET /portfolio 200 in 262ms (next.js: 80ms, application-code: 182ms)
 GET /portfolio 200 in 310ms (next.js: 8ms, application-code: 303ms)
 GET /portfolio 200 in 290ms (next.js: 10ms, application-code: 281ms)
 GET /portfolio 200 in 236ms (next.js: 4ms, application-code: 232ms)
 GET /portfolio 200 in 237ms (next.js: 119ms, application-code: 117ms)
 GET /portfolio 200 in 239ms (next.js: 37ms, application-code: 202ms)
 GET /portfolio 200 in 243ms (next.js: 74ms, application-code: 169ms)
✓ Compiled in 144ms
✓ Compiled in 54ms
 GET /portfolio 200 in 543ms (next.js: 77ms, application-code: 466ms)
 GET /portfolio 200 in 431ms (next.js: 78ms, application-code: 353ms)
 GET /portfolio 200 in 331ms (next.js: 18ms, application-code: 313ms)
 GET /portfolio 200 in 330ms (next.js: 154ms, application-code: 175ms)
 GET /portfolio 200 in 336ms (next.js: 91ms, application-code: 244ms)
 GET /portfolio 200 in 336ms (next.js: 128ms, application-code: 208ms)
 GET /portfolio 200 in 312ms (next.js: 17ms, application-code: 295ms)
 GET /portfolio 200 in 263ms (next.js: 4ms, application-code: 259ms)
 GET /portfolio 200 in 217ms (next.js: 6ms, application-code: 211ms)
 GET /portfolio 200 in 217ms (next.js: 104ms, application-code: 112ms)
 GET /portfolio 200 in 220ms (next.js: 50ms, application-code: 170ms)
 GET /portfolio 200 in 220ms (next.js: 167ms, application-code: 53ms)
 GET / 200 in 342ms (next.js: 194ms, application-code: 148ms)
 GET /about 200 in 706ms (next.js: 668ms, application-code: 38ms)
 GET /about 200 in 366ms (next.js: 160ms, application-code: 206ms)
 GET /about 200 in 61ms (next.js: 5ms, application-code: 56ms)
 GET /about 200 in 305ms (next.js: 117ms, application-code: 187ms)
 GET /about 200 in 120ms (next.js: 7ms, application-code: 113ms)
 GET /about 200 in 574ms (next.js: 9ms, application-code: 565ms)
 GET / 200 in 340ms (next.js: 62ms, application-code: 278ms)
 GET /about 200 in 111ms (next.js: 8ms, application-code: 103ms)
 GET / 200 in 293ms (next.js: 20ms, application-code: 273ms)
 GET / 200 in 131ms (next.js: 4ms, application-code: 127ms)
 GET /categories 200 in 562ms (next.js: 504ms, application-code: 58ms)
 GET / 200 in 100ms (next.js: 34ms, application-code: 66ms)
 GET /portfolio 200 in 129ms (next.js: 83ms, application-code: 46ms)
 GET / 200 in 63ms (next.js: 6ms, application-code: 57ms)
✓ Compiled in 412ms
 GET / 200 in 404ms (next.js: 276ms, application-code: 128ms)
 GET / 200 in 43ms (next.js: 3ms, application-code: 39ms)
✓ Compiled in 102ms
 GET / 200 in 457ms (next.js: 89ms, application-code: 368ms)
 GET / 200 in 327ms (next.js: 3ms, application-code: 324ms)
 GET / 200 in 281ms (next.js: 139ms, application-code: 142ms)
 GET / 200 in 284ms (next.js: 75ms, application-code: 209ms)
 GET / 200 in 288ms (next.js: 10ms, application-code: 278ms)
✓ Compiled in 92ms
 GET / 200 in 405ms (next.js: 99ms, application-code: 306ms)
 GET / 200 in 220ms (next.js: 6ms, application-code: 214ms)
 GET / 200 in 114ms (next.js: 32ms, application-code: 82ms)
 GET / 200 in 117ms (next.js: 3ms, application-code: 113ms)
 GET / 200 in 116ms (next.js: 58ms, application-code: 58ms)
 GET /portfolio 200 in 204ms (next.js: 164ms, application-code: 41ms)
 GET /portfolio 200 in 422ms (next.js: 4ms, application-code: 418ms)
 GET / 200 in 79ms (next.js: 8ms, application-code: 71ms)
 GET / 200 in 259ms (next.js: 2ms, application-code: 257ms)
 GET /portfolio 200 in 52ms (next.js: 5ms, application-code: 47ms)
 GET / 200 in 56ms (next.js: 5ms, application-code: 51ms)
 GET /portfolio 200 in 157ms (next.js: 4ms, application-code: 153ms)
 GET / 200 in 174ms (next.js: 2ms, application-code: 172ms)
 GET /portfolio 200 in 47ms (next.js: 4ms, application-code: 42ms)
 GET /contact 200 in 182ms (next.js: 85ms, application-code: 97ms)
 GET / 200 in 73ms (next.js: 7ms, application-code: 66ms)
 GET /portfolio 200 in 49ms (next.js: 4ms, application-code: 44ms)
 GET /categories/modular-kitchen 200 in 330ms (next.js: 197ms, generate-params: 24ms, application-code: 133ms)
 GET /categories/interiors 200 in 89ms (next.js: 16ms, generate-params: 9ms, application-code: 73ms)
 GET /portfolio 200 in 146ms (next.js: 4ms, application-code: 142ms)
 GET /reviews 200 in 1433ms (next.js: 1358ms, application-code: 75ms)
 GET /contact 200 in 69ms (next.js: 4ms, application-code: 64ms)
 GET /services 200 in 795ms (next.js: 746ms, application-code: 48ms)
 GET /portfolio 200 in 166ms (next.js: 5ms, application-code: 161ms)
 GET / 200 in 78ms (next.js: 7ms, application-code: 71ms)
 GET /portfolio 200 in 54ms (next.js: 6ms, application-code: 48ms)
 GET / 200 in 49ms (next.js: 3ms, application-code: 46ms)
 GET / 200 in 250ms (next.js: 6ms, application-code: 244ms)
 GET /portfolio 200 in 55ms (next.js: 23ms, application-code: 32ms)
 GET / 200 in 56ms (next.js: 4ms, application-code: 52ms)
 GET / 200 in 291ms (next.js: 4ms, application-code: 287ms)
 GET / 200 in 279ms (next.js: 4ms, application-code: 276ms)
 GET / 200 in 259ms (next.js: 6ms, application-code: 253ms)
 GET / 200 in 263ms (next.js: 122ms, application-code: 141ms)
 GET / 200 in 71ms (next.js: 3ms, application-code: 68ms)
 GET / 200 in 373ms (next.js: 146ms, application-code: 227ms)
 GET / 200 in 153ms (next.js: 4ms, application-code: 149ms)
 GET / 200 in 100ms (next.js: 3ms, application-code: 97ms)
 GET /about 200 in 161ms (next.js: 78ms, application-code: 83ms)
 GET / 200 in 71ms (next.js: 4ms, application-code: 66ms)
✓ Compiled in 172ms
 GET / 200 in 308ms (next.js: 94ms, application-code: 214ms)
 GET / 200 in 143ms (next.js: 4ms, application-code: 139ms)
 GET / 200 in 99ms (next.js: 4ms, application-code: 95ms)
 GET / 200 in 482ms (next.js: 4ms, application-code: 479ms)
 GET /about 200 in 791ms (next.js: 195ms, application-code: 596ms)
 GET / 200 in 36ms (next.js: 2ms, application-code: 34ms)
 GET /services 200 in 68ms (next.js: 23ms, application-code: 45ms)
 GET /portfolio 200 in 35ms (next.js: 16ms, application-code: 20ms)
 GET /reviews 200 in 54ms (next.js: 17ms, application-code: 37ms)
 GET /categories 200 in 120ms (next.js: 81ms, application-code: 39ms)
 GET / 200 in 23ms (next.js: 1917µs, application-code: 21ms)
✓ Compiled in 35ms
 GET / 200 in 171ms (next.js: 89ms, application-code: 82ms)
 GET / 200 in 29ms (next.js: 1929µs, application-code: 28ms)
✓ Compiled in 40ms
 GET / 200 in 222ms (next.js: 78ms, application-code: 144ms)
 GET / 200 in 107ms (next.js: 3ms, application-code: 104ms)
 GET / 200 in 81ms (next.js: 26ms, application-code: 55ms)
 GET / 200 in 81ms (next.js: 47ms, application-code: 34ms)
 GET / 200 in 82ms (next.js: 2ms, application-code: 80ms)
✓ Compiled in 31ms
 GET / 200 in 118ms (next.js: 72ms, application-code: 46ms)
✓ Compiled in 44ms
 GET / 200 in 151ms (next.js: 73ms, application-code: 78ms)
 GET / 200 in 29ms (next.js: 1708µs, application-code: 27ms)
 GET /portfolio 200 in 114ms (next.js: 84ms, application-code: 30ms)
 GET / 200 in 24ms (next.js: 1960µs, application-code: 22ms)
