[browser] Image with src "https://images.unsplash.com/photo-1600585154526-990dced4db0d?w=1200&h=800&q=80&auto=format&fit=crop" has "fill" but is missing "sizes" prop. Please add it to improve page performance. Read more: https://nextjs.org/docs/api-reference/next/image#sizes
[browser] Image with src "https://images.unsplash.com/photo-1600585154340-be6161a56a0c?w=1200&h=800&q=80&auto=format&fit=crop" has "fill" but is missing "sizes" prop. Please add it to improve page performance. Read more: https://nextjs.org/docs/api-reference/next/image#sizes
[browser] Image with src "https://images.unsplash.com/photo-1558618666-fcd25c85cd64?w=1200&h=800&q=80&auto=format&fit=crop" has "fill" but is missing "sizes" prop. Please add it to improve page performance. Read more: https://nextjs.org/docs/api-reference/next/image#sizes
[browser] Image with src "https://images.unsplash.com/photo-1556912172-45b7abe8b7e1?w=1200&h=800&q=80&auto=format&fit=crop" has "fill" but is missing "sizes" prop. Please add it to improve page performance. Read more: https://nextjs.org/docs/api-reference/next/image#sizes
[browser] Image with src "https://images.unsplash.com/photo-1600585154526-990dced4db0d?w=1200&h=800&q=80&auto=format&fit=crop" was detected as the Largest Contentful Paint (LCP). Please add the `loading="eager"` property if this image is above the fold.
Read more: https://nextjs.org/docs/app/api-reference/components/image#loading
[browser] Image with src "https://images.unsplash.com/photo-1600585154340-be6161a56a0c?w=1200&h=800&q=80&auto=format&fit=crop" was detected as the Largest Contentful Paint (LCP). Please add the `loading="eager"` property if this image is above the fold.
Read more: https://nextjs.org/docs/app/api-reference/components/image#loading
[browser] Detected `scroll-behavior: smooth` on the `<html>` element. To disable smooth scrolling during route transitions, add `data-scroll-behavior="smooth"` to your <html> element. Learn more: https://nextjs.org/docs/messages/missing-data-scroll-behavior
[browser] Image with src "https://images.unsplash.com/photo-1556911220-e15b29be8c8f?w=800&h=600&q=80&auto=format&fit=crop" has "fill" and a height value of 0. This is likely because the parent element of the image has not been styled to have a set height.
[browser] Image with src "https://images.unsplash.com/photo-1600585154526-990dced4db0d?w=800&h=600&q=80&auto=format&fit=crop" has "fill" and a height value of 0. This is likely because the parent element of the image has not been styled to have a set height.
[browser] Image with src "https://images.unsplash.com/photo-1586023492125-27b2c045efd7?w=800&h=600&q=80&auto=format&fit=crop" has "fill" and a height value of 0. This is likely because the parent element of the image has not been styled to have a set height.
[browser] Image with src "https://images.unsplash.com/photo-1497366216548-37526070297c?w=800&h=600&q=80&auto=format&fit=crop" has "fill" and a height value of 0. This is likely because the parent element of the image has not been styled to have a set height.
[browser] Image with src "https://images.unsplash.com/photo-1600566753190-17f0baa2a6c3?w=800&h=600&q=80&auto=format&fit=crop" has "fill" and a height value of 0. This is likely because the parent element of the image has not been styled to have a set height.
[browser] Image with src "https://images.unsplash.com/photo-1600566752355-35792bedcfea?w=800&h=600&q=80&auto=format&fit=crop" has "fill" and a height value of 0. This is likely because the parent element of the image has not been styled to have a set height.
[browser] Image with src "https://images.unsplash.com/photo-1600585154340-be6161a56a0c?w=800&h=600&q=80&auto=format&fit=crop" has "fill" and a height value of 0. This is likely because the parent element of the image has not been styled to have a set height.
[browser] Image with src "https://images.unsplash.com/photo-1615529328331-f8917597711f?w=800&h=600&q=80&auto=format&fit=crop" has "fill" and a height value of 0. This is likely because the parent element of the image has not been styled to have a set height.
[browser] Image with src "https://images.unsplash.com/photo-1616594039964-ae9021a400a0?w=800&h=600&q=80&auto=format&fit=crop" has "fill" and a height value of 0. This is likely because the parent element of the image has not been styled to have a set height.
[browser] Image with src "https://images.unsplash.com/photo-1618221195710-dd6b41faaea6?w=800&h=600&q=80&auto=format&fit=crop" has "fill" and a height value of 0. This is likely because the parent element of the image has not been styled to have a set height.
[browser] Image with src "https://images.unsplash.com/photo-1560250097-0b93528c311a?w=800&h=800&q=80&auto=format&fit=crop" has "fill" but is missing "sizes" prop. Please add it to improve page performance. Read more: https://nextjs.org/docs/api-reference/next/image#sizes
[browser] Image with src "https://images.unsplash.com/photo-1560250097-0b93528c311a?w=800&h=800&q=80&auto=format&fit=crop" has "fill" but is missing "sizes" prop. Please add it to improve page performance. Read more: https://nextjs.org/docs/api-reference/next/image#sizes
[browser] Detected `scroll-behavior: smooth` on the `<html>` element. To disable smooth scrolling during route transitions, add `data-scroll-behavior="smooth"` to your <html> element. Learn more: https://nextjs.org/docs/messages/missing-data-scroll-behavior
[browser] Image with src "https://images.unsplash.com/photo-1560250097-0b93528c311a?w=800&h=800&q=80&auto=format&fit=crop" has "fill" but is missing "sizes" prop. Please add it to improve page performance. Read more: https://nextjs.org/docs/api-reference/next/image#sizes
[browser] Detected `scroll-behavior: smooth` on the `<html>` element. To disable smooth scrolling during route transitions, add `data-scroll-behavior="smooth"` to your <html> element. Learn more: https://nextjs.org/docs/messages/missing-data-scroll-behavior
[browser] Image with src "https://images.unsplash.com/photo-1558618666-fcd25c85cd64?w=1200&h=800&q=80&auto=format&fit=crop" has "fill" but is missing "sizes" prop. Please add it to improve page performance. Read more: https://nextjs.org/docs/api-reference/next/image#sizes
[browser] Image with src "https://images.unsplash.com/photo-1600585154526-990dced4db0d?w=1200&h=800&q=80&auto=format&fit=crop" has "fill" but is missing "sizes" prop. Please add it to improve page performance. Read more: https://nextjs.org/docs/api-reference/next/image#sizes
[browser] Image with src "https://images.unsplash.com/photo-1600585154340-be6161a56a0c?w=1200&h=800&q=80&auto=format&fit=crop" has "fill" but is missing "sizes" prop. Please add it to improve page performance. Read more: https://nextjs.org/docs/api-reference/next/image#sizes
[browser] Image with src "https://images.unsplash.com/photo-1556912172-45b7abe8b7e1?w=1200&h=800&q=80&auto=format&fit=crop" has "fill" but is missing "sizes" prop. Please add it to improve page performance. Read more: https://nextjs.org/docs/api-reference/next/image#sizes
[browser] Image with src "https://images.unsplash.com/photo-1600585154526-990dced4db0d?w=800&h=600&q=80&auto=format&fit=crop" has "fill" and a height value of 0. This is likely because the parent element of the image has not been styled to have a set height.
[browser] Image with src "https://images.unsplash.com/photo-1556911220-e15b29be8c8f?w=800&h=600&q=80&auto=format&fit=crop" has "fill" and a height value of 0. This is likely because the parent element of the image has not been styled to have a set height.
[browser] Image with src "https://images.unsplash.com/photo-1586023492125-27b2c045efd7?w=800&h=600&q=80&auto=format&fit=crop" has "fill" and a height value of 0. This is likely because the parent element of the image has not been styled to have a set height.
[browser] Image with src "https://images.unsplash.com/photo-1616594039964-ae9021a400a0?w=800&h=600&q=80&auto=format&fit=crop" has "fill" and a height value of 0. This is likely because the parent element of the image has not been styled to have a set height.
[browser] Image with src "https://images.unsplash.com/photo-1600566752355-35792bedcfea?w=800&h=600&q=80&auto=format&fit=crop" has "fill" and a height value of 0. This is likely because the parent element of the image has not been styled to have a set height.
[browser] Image with src "https://images.unsplash.com/photo-1600585154340-be6161a56a0c?w=800&h=600&q=80&auto=format&fit=crop" has "fill" and a height value of 0. This is likely because the parent element of the image has not been styled to have a set height.
[browser] Image with src "https://images.unsplash.com/photo-1600566753190-17f0baa2a6c3?w=800&h=600&q=80&auto=format&fit=crop" has "fill" and a height value of 0. This is likely because the parent element of the image has not been styled to have a set height.
[browser] Image with src "https://images.unsplash.com/photo-1618221195710-dd6b41faaea6?w=800&h=600&q=80&auto=format&fit=crop" has "fill" and a height value of 0. This is likely because the parent element of the image has not been styled to have a set height.
[browser] Image with src "https://images.unsplash.com/photo-1497366216548-37526070297c?w=800&h=600&q=80&auto=format&fit=crop" has "fill" and a height value of 0. This is likely because the parent element of the image has not been styled to have a set height.
[browser] Image with src "https://images.unsplash.com/photo-1615529328331-f8917597711f?w=800&h=600&q=80&auto=format&fit=crop" has "fill" and a height value of 0. This is likely because the parent element of the image has not been styled to have a set height.
[browser] Image with src "/images/Kitchen_1.jpeg" has "fill" and a height value of 0. This is likely because the parent element of the image has not been styled to have a set height.
[browser] Image with src "/images/Kitchen_2.jpeg" has "fill" and a height value of 0. This is likely because the parent element of the image has not been styled to have a set height.
[browser] Image with src "/images/Bedroom_1.jpeg" has "fill" and a height value of 0. This is likely because the parent element of the image has not been styled to have a set height.
[browser] Image with src "/images/Wardrobe_1.jpeg" has "fill" and a height value of 0. This is likely because the parent element of the image has not been styled to have a set height.
[browser] Image with src "/images/Wardrobe_2.jpeg" has "fill" and a height value of 0. This is likely because the parent element of the image has not been styled to have a set height.
[browser] Image with src "/images/Wardrobe_3.jpeg" has "fill" and a height value of 0. This is likely because the parent element of the image has not been styled to have a set height.
[browser] Image with src "/images/Kitchen_3.jpeg" has "fill" and a height value of 0. This is likely because the parent element of the image has not been styled to have a set height.
[browser] Image with src "/images/Mandir.jpeg" has "fill" and a height value of 0. This is likely because the parent element of the image has not been styled to have a set height.
[browser] Image with src "/images/Wardrobe_4.jpeg" has "fill" and a height value of 0. This is likely because the parent element of the image has not been styled to have a set height.
[browser] Image with src "/images/Kitchen_4.jpeg" has "fill" and a height value of 0. This is likely because the parent element of the image has not been styled to have a set height.
[browser] Image with src "/images/Washroom_2.jpeg" has "fill" and a height value of 0. This is likely because the parent element of the image has not been styled to have a set height.
[browser] Image with src "/images/Washroom_1.jpeg" has "fill" and a height value of 0. This is likely because the parent element of the image has not been styled to have a set height.
[browser] Image with src "/images/Kitchen_5.jpeg" has "fill" and a height value of 0. This is likely because the parent element of the image has not been styled to have a set height.
[browser] Image with src "/images/Kitchen_6.jpeg" has "fill" and a height value of 0. This is likely because the parent element of the image has not been styled to have a set height.
[browser] Image with src "/images/Kitchen_1.jpeg" has "fill" and a height value of 0. This is likely because the parent element of the image has not been styled to have a set height.
[browser] Image with src "/images/Kitchen_2.jpeg" has "fill" and a height value of 0. This is likely because the parent element of the image has not been styled to have a set height.
[browser] Image with src "https://images.unsplash.com/photo-1586023492125-27b2c045efd7?w=800&h=600&q=80&auto=format&fit=crop" has "fill" and a height value of 0. This is likely because the parent element of the image has not been styled to have a set height.
[browser] Image with src "/images/Bedroom_1.jpeg" has "fill" and a height value of 0. This is likely because the parent element of the image has not been styled to have a set height.
[browser] Image with src "/images/Wardrobe_1.jpeg" has "fill" and a height value of 0. This is likely because the parent element of the image has not been styled to have a set height.
[browser] Image with src "https://images.unsplash.com/photo-1618221195710-dd6b41faaea6?w=800&h=600&q=80&auto=format&fit=crop" has "fill" and a height value of 0. This is likely because the parent element of the image has not been styled to have a set height.
[browser] Image with src "/images/Kitchen_3.jpeg" has "fill" and a height value of 0. This is likely because the parent element of the image has not been styled to have a set height.
[browser] Image with src "/images/Kitchen_4.jpeg" has "fill" and a height value of 0. This is likely because the parent element of the image has not been styled to have a set height.
[browser] Image with src "/images/Mandir.jpeg" has "fill" and a height value of 0. This is likely because the parent element of the image has not been styled to have a set height.
[browser] Image with src "/images/Wardrobe_2.jpeg" has "fill" and a height value of 0. This is likely because the parent element of the image has not been styled to have a set height.
[browser] Image with src "/images/Wardrobe_3.jpeg" has "fill" and a height value of 0. This is likely because the parent element of the image has not been styled to have a set height.
[browser] Image with src "/images/Wardrobe_4.jpeg" has "fill" and a height value of 0. This is likely because the parent element of the image has not been styled to have a set height.
[browser] Image with src "/images/Washroom_1.jpeg" has "fill" and a height value of 0. This is likely because the parent element of the image has not been styled to have a set height.
[browser] Image with src "/images/Washroom_2.jpeg" has "fill" and a height value of 0. This is likely because the parent element of the image has not been styled to have a set height.
[browser] Image with src "https://images.unsplash.com/photo-1497366216548-37526070297c?w=800&h=600&q=80&auto=format&fit=crop" has "fill" and a height value of 0. This is likely because the parent element of the image has not been styled to have a set height.
[browser] Image with src "/images/Kitchen_5.jpeg" has "fill" and a height value of 0. This is likely because the parent element of the image has not been styled to have a set height.
[browser] Image with src "/images/Kitchen_6.jpeg" has "fill" and a height value of 0. This is likely because the parent element of the image has not been styled to have a set height.
[browser] Detected `scroll-behavior: smooth` on the `<html>` element. To disable smooth scrolling during route transitions, add `data-scroll-behavior="smooth"` to your <html> element. Learn more: https://nextjs.org/docs/messages/missing-data-scroll-behavior
[browser] Detected `scroll-behavior: smooth` on the `<html>` element. To disable smooth scrolling during route transitions, add `data-scroll-behavior="smooth"` to your <html> element. Learn more: https://nextjs.org/docs/messages/missing-data-scroll-behavior
[browser] Image with src "/images/Kitchen_1.jpeg" has "fill" and a height value of 0. This is likely because the parent element of the image has not been styled to have a set height.
[browser] Image with src "/images/Kitchen_2.jpeg" has "fill" and a height value of 0. This is likely because the parent element of the image has not been styled to have a set height.
[browser] Image with src "https://images.unsplash.com/photo-1586023492125-27b2c045efd7?w=800&h=600&q=80&auto=format&fit=crop" has "fill" and a height value of 0. This is likely because the parent element of the image has not been styled to have a set height.
[browser] Image with src "/images/Bedroom_1.jpeg" has "fill" and a height value of 0. This is likely because the parent element of the image has not been styled to have a set height.
[browser] Image with src "/images/Wardrobe_1.jpeg" has "fill" and a height value of 0. This is likely because the parent element of the image has not been styled to have a set height.
[browser] Image with src "https://images.unsplash.com/photo-1618221195710-dd6b41faaea6?w=800&h=600&q=80&auto=format&fit=crop" has "fill" and a height value of 0. This is likely because the parent element of the image has not been styled to have a set height.
[browser] Image with src "/images/Kitchen_4.jpeg" has "fill" and a height value of 0. This is likely because the parent element of the image has not been styled to have a set height.
[browser] Image with src "/images/Kitchen_3.jpeg" has "fill" and a height value of 0. This is likely because the parent element of the image has not been styled to have a set height.
[browser] Image with src "/images/Wardrobe_4.jpeg" has "fill" and a height value of 0. This is likely because the parent element of the image has not been styled to have a set height.
[browser] Image with src "/images/Mandir.jpeg" has "fill" and a height value of 0. This is likely because the parent element of the image has not been styled to have a set height.
[browser] Image with src "/images/Washroom_2.jpeg" has "fill" and a height value of 0. This is likely because the parent element of the image has not been styled to have a set height.
[browser] Image with src "/images/Wardrobe_3.jpeg" has "fill" and a height value of 0. This is likely because the parent element of the image has not been styled to have a set height.
[browser] Image with src "/images/Kitchen_6.jpeg" has "fill" and a height value of 0. This is likely because the parent element of the image has not been styled to have a set height.
[browser] Image with src "/images/Kitchen_5.jpeg" has "fill" and a height value of 0. This is likely because the parent element of the image has not been styled to have a set height.
[browser] Image with src "/images/Wardrobe_2.jpeg" has "fill" and a height value of 0. This is likely because the parent element of the image has not been styled to have a set height.
[browser] Image with src "https://images.unsplash.com/photo-1497366216548-37526070297c?w=800&h=600&q=80&auto=format&fit=crop" has "fill" and a height value of 0. This is likely because the parent element of the image has not been styled to have a set height.
[browser] Image with src "/images/Washroom_1.jpeg" has "fill" and a height value of 0. This is likely because the parent element of the image has not been styled to have a set height.
[browser] Image with src "/images/Kitchen_1.jpeg" has "fill" and a height value of 0. This is likely because the parent element of the image has not been styled to have a set height.
[browser] Image with src "/images/Kitchen_2.jpeg" has "fill" and a height value of 0. This is likely because the parent element of the image has not been styled to have a set height.
[browser] Image with src "https://images.unsplash.com/photo-1586023492125-27b2c045efd7?w=800&h=600&q=80&auto=format&fit=crop" has "fill" and a height value of 0. This is likely because the parent element of the image has not been styled to have a set height.
[browser] Image with src "/images/Bedroom_1.jpeg" has "fill" and a height value of 0. This is likely because the parent element of the image has not been styled to have a set height.
[browser] Image with src "/images/Wardrobe_1.jpeg" has "fill" and a height value of 0. This is likely because the parent element of the image has not been styled to have a set height.
[browser] Image with src "https://images.unsplash.com/photo-1618221195710-dd6b41faaea6?w=800&h=600&q=80&auto=format&fit=crop" has "fill" and a height value of 0. This is likely because the parent element of the image has not been styled to have a set height.
[browser] Image with src "/images/Kitchen_3.jpeg" has "fill" and a height value of 0. This is likely because the parent element of the image has not been styled to have a set height.
[browser] Image with src "/images/Kitchen_4.jpeg" has "fill" and a height value of 0. This is likely because the parent element of the image has not been styled to have a set height.
[browser] Image with src "/images/Mandir.jpeg" has "fill" and a height value of 0. This is likely because the parent element of the image has not been styled to have a set height.
[browser] Image with src "/images/Wardrobe_2.jpeg" has "fill" and a height value of 0. This is likely because the parent element of the image has not been styled to have a set height.
[browser] Image with src "/images/Wardrobe_3.jpeg" has "fill" and a height value of 0. This is likely because the parent element of the image has not been styled to have a set height.
[browser] Image with src "/images/Wardrobe_4.jpeg" has "fill" and a height value of 0. This is likely because the parent element of the image has not been styled to have a set height.
[browser] Image with src "/images/Washroom_1.jpeg" has "fill" and a height value of 0. This is likely because the parent element of the image has not been styled to have a set height.
[browser] Image with src "/images/Washroom_2.jpeg" has "fill" and a height value of 0. This is likely because the parent element of the image has not been styled to have a set height.
[browser] Image with src "https://images.unsplash.com/photo-1497366216548-37526070297c?w=800&h=600&q=80&auto=format&fit=crop" has "fill" and a height value of 0. This is likely because the parent element of the image has not been styled to have a set height.
[browser] Image with src "/images/Kitchen_5.jpeg" has "fill" and a height value of 0. This is likely because the parent element of the image has not been styled to have a set height.
[browser] Image with src "/images/Kitchen_6.jpeg" has "fill" and a height value of 0. This is likely because the parent element of the image has not been styled to have a set height.
[browser] Detected `scroll-behavior: smooth` on the `<html>` element. To disable smooth scrolling during route transitions, add `data-scroll-behavior="smooth"` to your <html> element. Learn more: https://nextjs.org/docs/messages/missing-data-scroll-behavior
[browser] Image with src "/images/Kitchen_1.jpeg" has "fill" and a height value of 0. This is likely because the parent element of the image has not been styled to have a set height.
[browser] Image with src "https://images.unsplash.com/photo-1586023492125-27b2c045efd7?w=800&h=600&q=80&auto=format&fit=crop" has "fill" and a height value of 0. This is likely because the parent element of the image has not been styled to have a set height.
[browser] Image with src "/images/Kitchen_2.jpeg" has "fill" and a height value of 0. This is likely because the parent element of the image has not been styled to have a set height.
[browser] Image with src "/images/Bedroom_1.jpeg" has "fill" and a height value of 0. This is likely because the parent element of the image has not been styled to have a set height.
[browser] Image with src "/images/Wardrobe_1.jpeg" has "fill" and a height value of 0. This is likely because the parent element of the image has not been styled to have a set height.
[browser] Image with src "https://images.unsplash.com/photo-1618221195710-dd6b41faaea6?w=800&h=600&q=80&auto=format&fit=crop" has "fill" and a height value of 0. This is likely because the parent element of the image has not been styled to have a set height.
[browser] Image with src "/images/Kitchen_3.jpeg" has "fill" and a height value of 0. This is likely because the parent element of the image has not been styled to have a set height.
[browser] Image with src "/images/Mandir.jpeg" has "fill" and a height value of 0. This is likely because the parent element of the image has not been styled to have a set height.
[browser] Image with src "/images/Wardrobe_3.jpeg" has "fill" and a height value of 0. This is likely because the parent element of the image has not been styled to have a set height.
[browser] Image with src "/images/Wardrobe_4.jpeg" has "fill" and a height value of 0. This is likely because the parent element of the image has not been styled to have a set height.
[browser] Image with src "/images/Kitchen_4.jpeg" has "fill" and a height value of 0. This is likely because the parent element of the image has not been styled to have a set height.
[browser] Image with src "/images/Wardrobe_2.jpeg" has "fill" and a height value of 0. This is likely because the parent element of the image has not been styled to have a set height.
[browser] Image with src "/images/Washroom_1.jpeg" has "fill" and a height value of 0. This is likely because the parent element of the image has not been styled to have a set height.
[browser] Image with src "/images/Washroom_2.jpeg" has "fill" and a height value of 0. This is likely because the parent element of the image has not been styled to have a set height.
[browser] Image with src "https://images.unsplash.com/photo-1497366216548-37526070297c?w=800&h=600&q=80&auto=format&fit=crop" has "fill" and a height value of 0. This is likely because the parent element of the image has not been styled to have a set height.
[browser] Image with src "/images/Kitchen_5.jpeg" has "fill" and a height value of 0. This is likely because the parent element of the image has not been styled to have a set height.
[browser] Image with src "/images/Kitchen_6.jpeg" has "fill" and a height value of 0. This is likely because the parent element of the image has not been styled to have a set height.
[browser] Image with src "/images/Kitchen_1.jpeg" has "fill" and a height value of 0. This is likely because the parent element of the image has not been styled to have a set height.
[browser] Image with src "/images/Kitchen_2.jpeg" has "fill" and a height value of 0. This is likely because the parent element of the image has not been styled to have a set height.
[browser] Image with src "https://images.unsplash.com/photo-1586023492125-27b2c045efd7?w=800&h=600&q=80&auto=format&fit=crop" has "fill" and a height value of 0. This is likely because the parent element of the image has not been styled to have a set height.
[browser] Image with src "/images/Bedroom_1.jpeg" has "fill" and a height value of 0. This is likely because the parent element of the image has not been styled to have a set height.
[browser] Image with src "/images/Wardrobe_1.jpeg" has "fill" and a height value of 0. This is likely because the parent element of the image has not been styled to have a set height.
[browser] Image with src "https://images.unsplash.com/photo-1618221195710-dd6b41faaea6?w=800&h=600&q=80&auto=format&fit=crop" has "fill" and a height value of 0. This is likely because the parent element of the image has not been styled to have a set height.
[browser] Image with src "/images/Kitchen_3.jpeg" has "fill" and a height value of 0. This is likely because the parent element of the image has not been styled to have a set height.
[browser] Image with src "/images/Kitchen_4.jpeg" has "fill" and a height value of 0. This is likely because the parent element of the image has not been styled to have a set height.
[browser] Image with src "/images/Mandir.jpeg" has "fill" and a height value of 0. This is likely because the parent element of the image has not been styled to have a set height.
[browser] Image with src "/images/Wardrobe_2.jpeg" has "fill" and a height value of 0. This is likely because the parent element of the image has not been styled to have a set height.
[browser] Image with src "/images/Wardrobe_3.jpeg" has "fill" and a height value of 0. This is likely because the parent element of the image has not been styled to have a set height.
[browser] Image with src "/images/Wardrobe_4.jpeg" has "fill" and a height value of 0. This is likely because the parent element of the image has not been styled to have a set height.
[browser] Image with src "/images/Washroom_1.jpeg" has "fill" and a height value of 0. This is likely because the parent element of the image has not been styled to have a set height.
[browser] Image with src "/images/Washroom_2.jpeg" has "fill" and a height value of 0. This is likely because the parent element of the image has not been styled to have a set height.
[browser] Image with src "https://images.unsplash.com/photo-1497366216548-37526070297c?w=800&h=600&q=80&auto=format&fit=crop" has "fill" and a height value of 0. This is likely because the parent element of the image has not been styled to have a set height.
[browser] Image with src "/images/Kitchen_5.jpeg" has "fill" and a height value of 0. This is likely because the parent element of the image has not been styled to have a set height.
[browser] Image with src "/images/Kitchen_6.jpeg" has "fill" and a height value of 0. This is likely because the parent element of the image has not been styled to have a set height.
[browser] Detected `scroll-behavior: smooth` on the `<html>` element. To disable smooth scrolling during route transitions, add `data-scroll-behavior="smooth"` to your <html> element. Learn more: https://nextjs.org/docs/messages/missing-data-scroll-behavior
[browser] Image with src "/images/Kitchen_1.jpeg" has "fill" and a height value of 0. This is likely because the parent element of the image has not been styled to have a set height.
[browser] Image with src "/images/Kitchen_2.jpeg" has "fill" and a height value of 0. This is likely because the parent element of the image has not been styled to have a set height.
[browser] Image with src "https://images.unsplash.com/photo-1586023492125-27b2c045efd7?w=800&h=600&q=80&auto=format&fit=crop" has "fill" and a height value of 0. This is likely because the parent element of the image has not been styled to have a set height.
[browser] Image with src "/images/Bedroom_1.jpeg" has "fill" and a height value of 0. This is likely because the parent element of the image has not been styled to have a set height.
[browser] Image with src "/images/Wardrobe_1.jpeg" has "fill" and a height value of 0. This is likely because the parent element of the image has not been styled to have a set height.
[browser] Image with src "https://images.unsplash.com/photo-1618221195710-dd6b41faaea6?w=800&h=600&q=80&auto=format&fit=crop" has "fill" and a height value of 0. This is likely because the parent element of the image has not been styled to have a set height.
[browser] Image with src "/images/Kitchen_3.jpeg" has "fill" and a height value of 0. This is likely because the parent element of the image has not been styled to have a set height.
[browser] Image with src "/images/Kitchen_4.jpeg" has "fill" and a height value of 0. This is likely because the parent element of the image has not been styled to have a set height.
[browser] Image with src "/images/Mandir.jpeg" has "fill" and a height value of 0. This is likely because the parent element of the image has not been styled to have a set height.
[browser] Image with src "/images/Wardrobe_2.jpeg" has "fill" and a height value of 0. This is likely because the parent element of the image has not been styled to have a set height.
[browser] Image with src "/images/Wardrobe_3.jpeg" has "fill" and a height value of 0. This is likely because the parent element of the image has not been styled to have a set height.
[browser] Image with src "/images/Wardrobe_4.jpeg" has "fill" and a height value of 0. This is likely because the parent element of the image has not been styled to have a set height.
[browser] Image with src "/images/Washroom_1.jpeg" has "fill" and a height value of 0. This is likely because the parent element of the image has not been styled to have a set height.
[browser] Image with src "/images/Washroom_2.jpeg" has "fill" and a height value of 0. This is likely because the parent element of the image has not been styled to have a set height.
[browser] Image with src "https://images.unsplash.com/photo-1497366216548-37526070297c?w=800&h=600&q=80&auto=format&fit=crop" has "fill" and a height value of 0. This is likely because the parent element of the image has not been styled to have a set height.
[browser] Image with src "/images/Kitchen_5.jpeg" has "fill" and a height value of 0. This is likely because the parent element of the image has not been styled to have a set height.
[browser] Image with src "/images/Kitchen_6.jpeg" has "fill" and a height value of 0. This is likely because the parent element of the image has not been styled to have a set height.
[browser] Detected `scroll-behavior: smooth` on the `<html>` element. To disable smooth scrolling during route transitions, add `data-scroll-behavior="smooth"` to your <html> element. Learn more: https://nextjs.org/docs/messages/missing-data-scroll-behavior
[browser] Detected `scroll-behavior: smooth` on the `<html>` element. To disable smooth scrolling during route transitions, add `data-scroll-behavior="smooth"` to your <html> element. Learn more: https://nextjs.org/docs/messages/missing-data-scroll-behavior
[browser] Image with src "/images/Kitchen_1.jpeg" has "fill" and a height value of 0. This is likely because the parent element of the image has not been styled to have a set height.
[browser] Image with src "/images/Kitchen_2.jpeg" has "fill" and a height value of 0. This is likely because the parent element of the image has not been styled to have a set height.
[browser] Image with src "https://images.unsplash.com/photo-1586023492125-27b2c045efd7?w=800&h=600&q=80&auto=format&fit=crop" has "fill" and a height value of 0. This is likely because the parent element of the image has not been styled to have a set height.
[browser] Image with src "/images/Bedroom_1.jpeg" has "fill" and a height value of 0. This is likely because the parent element of the image has not been styled to have a set height.
[browser] Image with src "/images/Wardrobe_1.jpeg" has "fill" and a height value of 0. This is likely because the parent element of the image has not been styled to have a set height.
[browser] Image with src "https://images.unsplash.com/photo-1618221195710-dd6b41faaea6?w=800&h=600&q=80&auto=format&fit=crop" has "fill" and a height value of 0. This is likely because the parent element of the image has not been styled to have a set height.
[browser] Image with src "/images/Kitchen_3.jpeg" has "fill" and a height value of 0. This is likely because the parent element of the image has not been styled to have a set height.
[browser] Image with src "/images/Kitchen_4.jpeg" has "fill" and a height value of 0. This is likely because the parent element of the image has not been styled to have a set height.
[browser] Image with src "/images/Mandir.jpeg" has "fill" and a height value of 0. This is likely because the parent element of the image has not been styled to have a set height.
[browser] Image with src "/images/Wardrobe_2.jpeg" has "fill" and a height value of 0. This is likely because the parent element of the image has not been styled to have a set height.
[browser] Image with src "/images/Wardrobe_3.jpeg" has "fill" and a height value of 0. This is likely because the parent element of the image has not been styled to have a set height.
[browser] Image with src "/images/Wardrobe_4.jpeg" has "fill" and a height value of 0. This is likely because the parent element of the image has not been styled to have a set height.
[browser] Image with src "https://images.unsplash.com/photo-1497366216548-37526070297c?w=800&h=600&q=80&auto=format&fit=crop" has "fill" and a height value of 0. This is likely because the parent element of the image has not been styled to have a set height.
[browser] Image with src "/images/Washroom_1.jpeg" has "fill" and a height value of 0. This is likely because the parent element of the image has not been styled to have a set height.
[browser] Image with src "/images/Kitchen_5.jpeg" has "fill" and a height value of 0. This is likely because the parent element of the image has not been styled to have a set height.
[browser] Image with src "/images/Kitchen_6.jpeg" has "fill" and a height value of 0. This is likely because the parent element of the image has not been styled to have a set height.
[browser] Image with src "/images/Washroom_2.jpeg" has "fill" and a height value of 0. This is likely because the parent element of the image has not been styled to have a set height.
[browser] Detected `scroll-behavior: smooth` on the `<html>` element. To disable smooth scrolling during route transitions, add `data-scroll-behavior="smooth"` to your <html> element. Learn more: https://nextjs.org/docs/messages/missing-data-scroll-behavior
[browser] Image with src "https://images.unsplash.com/photo-1560250097-0b93528c311a?w=800&h=800&q=80&auto=format&fit=crop" has "fill" but is missing "sizes" prop. Please add it to improve page performance. Read more: https://nextjs.org/docs/api-reference/next/image#sizes
[browser] Detected `scroll-behavior: smooth` on the `<html>` element. To disable smooth scrolling during route transitions, add `data-scroll-behavior="smooth"` to your <html> element. Learn more: https://nextjs.org/docs/messages/missing-data-scroll-behavior
[browser] Image with src "/images/Kitchen_4.jpeg" has "fill" and a height value of 0. This is likely because the parent element of the image has not been styled to have a set height.
[browser] Image with src "/images/Bedroom_1.jpeg" has "fill" and a height value of 0. This is likely because the parent element of the image has not been styled to have a set height.
[browser] Image with src "/images/Wardrobe_1.jpeg" has "fill" and a height value of 0. This is likely because the parent element of the image has not been styled to have a set height.
[browser] Image with src "https://images.unsplash.com/photo-1618221195710-dd6b41faaea6?w=800&h=600&q=80&auto=format&fit=crop" has "fill" and a height value of 0. This is likely because the parent element of the image has not been styled to have a set height.
[browser] Image with src "https://images.unsplash.com/photo-1586023492125-27b2c045efd7?w=800&h=600&q=80&auto=format&fit=crop" has "fill" and a height value of 0. This is likely because the parent element of the image has not been styled to have a set height.
[browser] Image with src "/images/Kitchen_1.jpeg" has "fill" and a height value of 0. This is likely because the parent element of the image has not been styled to have a set height.
[browser] Image with src "/images/Kitchen_2.jpeg" has "fill" and a height value of 0. This is likely because the parent element of the image has not been styled to have a set height.
[browser] Image with src "/images/Kitchen_3.jpeg" has "fill" and a height value of 0. This is likely because the parent element of the image has not been styled to have a set height.
[browser] Image with src "/images/Mandir.jpeg" has "fill" and a height value of 0. This is likely because the parent element of the image has not been styled to have a set height.
[browser] Image with src "/images/Wardrobe_2.jpeg" has "fill" and a height value of 0. This is likely because the parent element of the image has not been styled to have a set height.
[browser] Image with src "/images/Wardrobe_4.jpeg" has "fill" and a height value of 0. This is likely because the parent element of the image has not been styled to have a set height.
[browser] Image with src "/images/Wardrobe_3.jpeg" has "fill" and a height value of 0. This is likely because the parent element of the image has not been styled to have a set height.
[browser] Image with src "/images/Washroom_1.jpeg" has "fill" and a height value of 0. This is likely because the parent element of the image has not been styled to have a set height.
[browser] Image with src "/images/Washroom_2.jpeg" has "fill" and a height value of 0. This is likely because the parent element of the image has not been styled to have a set height.
[browser] Image with src "https://images.unsplash.com/photo-1497366216548-37526070297c?w=800&h=600&q=80&auto=format&fit=crop" has "fill" and a height value of 0. This is likely because the parent element of the image has not been styled to have a set height.
[browser] Image with src "/images/Kitchen_5.jpeg" has "fill" and a height value of 0. This is likely because the parent element of the image has not been styled to have a set height.
[browser] Image with src "/images/Kitchen_6.jpeg" has "fill" and a height value of 0. This is likely because the parent element of the image has not been styled to have a set height.
[browser] Image with src "https://images.unsplash.com/photo-1558618666-fcd25c85cd64?w=1200&h=800&q=80&auto=format&fit=crop" has "fill" but is missing "sizes" prop. Please add it to improve page performance. Read more: https://nextjs.org/docs/api-reference/next/image#sizes
[browser] Image with src "https://images.unsplash.com/photo-1556912172-45b7abe8b7e1?w=1200&h=800&q=80&auto=format&fit=crop" has "fill" but is missing "sizes" prop. Please add it to improve page performance. Read more: https://nextjs.org/docs/api-reference/next/image#sizes
[browser] Image with src "/images/Kitchen_4.jpeg" has "fill" but is missing "sizes" prop. Please add it to improve page performance. Read more: https://nextjs.org/docs/api-reference/next/image#sizes
[browser] Image with src "https://images.unsplash.com/photo-1600585154340-be6161a56a0c?w=1200&h=800&q=80&auto=format&fit=crop" has "fill" but is missing "sizes" prop. Please add it to improve page performance. Read more: https://nextjs.org/docs/api-reference/next/image#sizes
